// Jest Snapshot v1, https://goo.gl/fbAQLP

exports[`MailComponent renderTemplate: communityCreated 1`] = `
"<div>
          Wow! You've created community: <span>communityTitle</span>
      </div>    
      <div>
      Here is invitation link: <span><a href=\\"https://a.b.com/\\">https://a.b.com/</a></span>
    </div>"
`;

exports[`MailComponent renderTemplate: communityJoined 1`] = `
"<div>
          Wow! You've joined to: <span>communityTitle</span>
      </div>"
`;

exports[`MailComponent renderTemplate: createCommunityConfirmation 1`] = `
"<div>Here is community confirmation url: <span><a href=\\"https://a.b.com/\\">https://a.b.com/</a></span>
    </div>"
`;

exports[`MailComponent renderTemplate: joinCommunityConfirmation 1`] = `
"<div>
    To join the community please follow this link : <span><a href=\\"https://a.b.com/\\">https://a.b.com/</a></span></div>"
`;

exports[`MailComponent renderTemplate: matched 1`] = `
"<h2>communityTitle</h2>
<div>
    You've matched with <span>matchedUserName</span></div>
    
<div>
    Contact email: <span>matchedUserEmail</span></div>
    
<div>
    Contact phone: <span>matchedUserPhone</span></div>"
`;

exports[`MailComponent renderTemplate: optIn 1`] = `
"<h2>communityTitle</h2>
<div>
    Would you like to match in <span>communityTitle</span></div>
    
<div>
    Click here to answer yes: <span><a href=\\"https://a.b.com/yes\\">https://a.b.com/yes</a></span></div>
    
<div>
    Click here to answer no: <span><a href=\\"https://a.b.com/no\\">https://a.b.com/no</a></span></div>"
`;
